/home/bobb/.smb.10.1.3.1
/home/bobb/.smb.10.1.3.11
/home/bobb/.smb.10.1.3.12
/home/bobb/.smb.10.1.3.5
/home/bobb/.smb.10.1.3.6
/home/bobb/.profile
/home/bobb/.ssh/known_hosts
/home/bobb/bin
/etc/apt
/etc/bash.bashrc
/etc/bash_completion
/etc/bash_completion.d
/etc/bindresvport.blacklist
/etc/default
/etc/fstab
/etc/host.conf
/etc/hostname
/etc/hosts
/etc/hosts.allow
/etc/hosts.deny
/etc/init.d
/etc/insserv.conf
/etc/mysql
/etc/network
/etc/NetworkManager
/etc/nagios
/etc/nginx
/etc/ntp.conf
/etc/passwd
/etc/php5
/etc/phpmyadmin
/etc/polkit-1
/etc/profile
/etc/profile.d
/etc/protocols
/etc/puppet
/etc/rc0.d
/etc/rc1.d
/etc/rc2.d
/etc/rc3.d
/etc/rc4.d
/etc/rc5.d
/etc/rc6.d
/etc/rc.local
/etc/samba
/etc/sudoers
/etc/sudoers.d
/usr/local/nagios/etc
/usr/local/nagios/libexec/capture_plugin.pl
/usr/local/nagios/libexec/check_disk_smb
/var/lib/jenkins/com.michelin.cio.hudson.plugins.maskpasswords.MaskPasswordsConfig.xml
/var/lib/jenkins/com.orctom.jenkins.plugin.globalpostscript.GlobalPostScript.xml
/var/lib/jenkins/identity.key.enc
/var/lib/jenkins/scriptler
/var/lib/jenkins/secrets
/var/lib/jenkins/userContent
/var/www/html
/var/www/webalizer
/var/www/photos/zp-data/zenphoto.cfg.php
/var/www/default/favicon.ico
/var/www/default/index.html
/var/www/default/nconf/ADD-ONS
/var/www/default/nconf/config
/var/www/default/php-status.php
/var/www/default/Recipes
/var/www/default/smbwebclient-2.9.1.php
/var/lib/jenkins/com.michelin.cio.hudson.plugins.maskpasswords.MaskPasswordsConfig.xml
/var/lib/jenkins/com.orctom.jenkins.plugin.globalpostscript.GlobalPostScript.xml
/var/lib/jenkins/config.xml
/var/lib/jenkins/credentials.xml
/var/lib/jenkins/envinject-plugin-configuration.xml
/var/lib/jenkins/envInject.xml
/var/lib/jenkins/github-plugin-configuration.xml
/var/lib/jenkins/hudson.maven.MavenModuleSet.xml
/var/lib/jenkins/hudson.model.UpdateCenter.xml
/var/lib/jenkins/hudson.plugins.copyartifact.TriggeredBuildSelector.xml
/var/lib/jenkins/hudson.plugins.emailext.ExtendedEmailPublisher.xml
/var/lib/jenkins/hudson.plugins.git.GitSCM.xml
/var/lib/jenkins/hudson.plugins.git.GitTool.xml
/var/lib/jenkins/hudson.plugins.groovy.Groovy.xml
/var/lib/jenkins/hudson.plugins.logparser.LogParserPublisher.xml
/var/lib/jenkins/hudson.plugins.timestamper.TimestamperConfig.xml
/var/lib/jenkins/hudson.tasks.Ant.xml
/var/lib/jenkins/hudson.tasks.Mailer.xml
/var/lib/jenkins/hudson.tasks.Maven.xml
/var/lib/jenkins/hudson.tasks.Shell.xml
/var/lib/jenkins/hudson.triggers.SCMTrigger.xml
/var/lib/jenkins/jenkins.model.ArtifactManagerConfiguration.xml
/var/lib/jenkins/jenkins.model.DownloadSettings.xml
/var/lib/jenkins/jenkins.model.JenkinsLocationConfiguration.xml
/var/lib/jenkins/jenkins.mvn.GlobalMavenConfig.xml
/var/lib/jenkins/jenkins.security.QueueItemAuthenticatorConfiguration.xml
/var/lib/jenkins/jobConfigHistory.xml
/var/lib/jenkins/jp.ikedam.jenkins.plugins.extensible_choice_parameter.ExtensibleChoiceParameterDefinition.xml
/var/lib/jenkins/jp.ikedam.jenkins.plugins.extensible_choice_parameter.GlobalTextareaChoiceListProvider.xml
/var/lib/jenkins/nodeMonitors.xml
/var/lib/jenkins/org.jenkinsci.plugins.conditionalbuildstep.singlestep.SingleConditionalBuilder.xml
/var/lib/jenkins/org.jenkinsci.plugins.database.GlobalDatabaseConfiguration.xml
/var/lib/jenkins/org.jenkinsci.plugins.database.PerItemDatabaseConfiguration.xml
/var/lib/jenkins/org.jenkinsci.plugins.docker.commons.tools.DockerTool.xml
/var/lib/jenkins/org.jenkinsci.plugins.gitclient.JGitTool.xml
/var/lib/jenkins/org.jenkinsci.plugins.globalEventsPlugin.GlobalEventsPlugin.xml
/var/lib/jenkins/sidebar-link.xml
/usr/local/logalyze/conf/collectors.xml
/usr/local/logalyze/conf/definitions
/usr/local/logalyze/conf/engine.xml
/usr/local/logalyze/conf/eventdefinitions.xml
/usr/local/logalyze/conf/log4j.conf
/usr/local/logalyze/conf/logalyze-collectors-1.0.xsd
/usr/local/logalyze/conf/logalyze-definitions-1.0.xsd
/usr/local/logalyze/conf/logalyze-engine-config-1.0.xsd
/usr/local/logalyze/conf/logdefinitions.xml
/usr/local/logalyze/conf/querydefinitions.xml
/usr/local/logalyze/conf/reportdefinitions.xml
/usr/local/logalyze/conf/repository.defs.xml
/usr/local/logalyze/conf/statdefinitions.xml
/usr/local/nagios/share/config.inc.php
